// Jest Snapshot v1, https://goo.gl/fbAQLP

exports[`Logger logs debug to stdout 1`] = `
Array [
  "[37mâ€º Hello[39m
",
]
`;

exports[`Logger logs errors to stderr 1`] = `"[31mâœ— bad thing[39m"`;

exports[`Logger logs info to stdout 1`] = `
Array [
  "[36mâ„¹ Hello[39m
",
]
`;

exports[`Logger logs log to stdout 1`] = `
Array [
  "[37mHello[39m
",
]
`;

exports[`Logger logs success to stdout 1`] = `
Array [
  "[32mâœ” Hello[39m
",
]
`;

exports[`Logger logs warn to stdout 1`] = `
Array [
  "[33mâš  Hello[39m
",
]
`;
